---
source: vtcode-tui/src/core_tui/widgets/slash.rs
expression: terminal.backend()
---
"                                                                                "
"                                                                                "
"                                                                                "
"                                                                                "
"                                                                                "
"                ╭Slash Commands────────────────────────────────╮                "
"                │Type to filter slash commands.                │                "
"                │Press Enter to apply • Esc to dismiss.        │                "
"                │/ help Show help                              │                "
"                │/ hello Demo command                          │                "
"                │                                              │                "
"                │                                              │                "
"                │                                              │                "
"                │                                              │                "
"                │                                              │                "
"                │                                              │                "
"                │                                              │                "
"                │                                              │                "
"                ╰──────────────────────────────────────────────╯                "
"                                                                                "
"                                                                                "
"                                                                                "
"                                                                                "
"                                                                                "
